error: Expected `FROM`, found `WHERE`
 --> tests/ui/fail-nightly/missing_table.rs:5:18
  |
5 |         SELECT * WHERE  // Missing FROM clause
  |                  ^^^^^
